// Jest Snapshot v1, https://goo.gl/fbAQLP

exports[`MainScreen Tests snapshot de l’écran principal 1`] = `
<View
  style={
    {
      "alignItems": "center",
      "backgroundColor": "#f5f5f5",
      "flex": 1,
      "justifyContent": "center",
      "padding": 16,
    }
  }
>
  <Text
    style={
      {
        "color": "#333",
        "fontSize": 24,
        "fontWeight": "bold",
        "marginBottom": 20,
      }
    }
  >
    Générer un QR Code
  </Text>
  <Text
    style={
      {
        "alignSelf": "flex-start",
        "color": "#555",
        "fontSize": 16,
        "fontWeight": "500",
        "marginBottom": 8,
        "marginLeft": "10%",
      }
    }
  >
    Nom :
  </Text>
  <TextInput
    onChangeText={[Function]}
    placeholder="Entrez votre nom"
    placeholderTextColor="#888"
    style={
      {
        "backgroundColor": "#fff",
        "borderColor": "#ccc",
        "borderRadius": 5,
        "borderWidth": 1,
        "height": 40,
        "marginBottom": 16,
        "paddingHorizontal": 10,
        "width": "80%",
      }
    }
    value=""
  />
  <Text
    style={
      {
        "alignSelf": "flex-start",
        "color": "#555",
        "fontSize": 16,
        "fontWeight": "500",
        "marginBottom": 8,
        "marginLeft": "10%",
      }
    }
  >
    Prénom :
  </Text>
  <TextInput
    onChangeText={[Function]}
    placeholder="Entrez votre prénom"
    placeholderTextColor="#888"
    style={
      {
        "backgroundColor": "#fff",
        "borderColor": "#ccc",
        "borderRadius": 5,
        "borderWidth": 1,
        "height": 40,
        "marginBottom": 16,
        "paddingHorizontal": 10,
        "width": "80%",
      }
    }
    value=""
  />
  <View
    accessibilityState={
      {
        "busy": undefined,
        "checked": undefined,
        "disabled": undefined,
        "expanded": undefined,
        "selected": undefined,
      }
    }
    accessibilityValue={
      {
        "max": undefined,
        "min": undefined,
        "now": undefined,
        "text": undefined,
      }
    }
    accessible={true}
    collapsable={false}
    focusable={true}
    onClick={[Function]}
    onResponderGrant={[Function]}
    onResponderMove={[Function]}
    onResponderRelease={[Function]}
    onResponderTerminate={[Function]}
    onResponderTerminationRequest={[Function]}
    onStartShouldSetResponder={[Function]}
    style={
      {
        "alignItems": "center",
        "backgroundColor": "#007bff",
        "borderRadius": 25,
        "marginTop": 20,
        "opacity": 1,
        "paddingHorizontal": 30,
        "paddingVertical": 12,
      }
    }
  >
    <Text
      style={
        {
          "color": "#fff",
          "fontSize": 16,
          "fontWeight": "600",
        }
      }
    >
      Générer le QR Code
    </Text>
  </View>
</View>
`;
